// Vitest Snapshot v1, https://vitest.dev/guide/snapshot.html

exports[`[components/Grid] > when GridItem is rendered > should render 1`] = `
<DocumentFragment>
  <div
    class=""
  >
    <span>
      Children
    </span>
  </div>
</DocumentFragment>
`;
