// Vitest Snapshot v1, https://vitest.dev/guide/snapshot.html

exports[`[components/Grid] > when Grid is rendered > should render 1`] = `
<DocumentFragment>
  <div
    class="grid class"
  >
    <div />
  </div>
</DocumentFragment>
`;
